// Jest Snapshot v1, https://goo.gl/fbAQLP

exports[`Loader renders a loader component 1`] = `
<div>
  <div
    class="loader p-4 max-w-md w-full"
  >
    <div
      class="animate-pulse flex space-x-4"
    >
      <div
        class="flex-1 space-y-3 py-1"
      >
        <div
          class="h-8 bg-primary-200/20 rounded"
        />
        <div
          class="space-y-3"
        >
          <div
            class="h-2 bg-primary-200/20 rounded w-16"
          />
          <div
            class="grid grid-cols-3 gap-4"
          >
            <div
              class="h-2 bg-primary-200/20 rounded col-span-1"
            />
            <div
              class="h-2 bg-primary-200/20 rounded col-span-2"
            />
          </div>
        </div>
      </div>
    </div>
  </div>
</div>
`;
