// Jest Snapshot v1, https://goo.gl/fbAQLP

exports[`RedirectUriList renders the redirect uri list 1`] = `
<div>
  <table
    class="table"
  >
    <thead>
      <tr>
        <th
          class="custom-table-column"
          scope="col"
        >
          redirectUri
        </th>
        <th
          class="table-action-column"
          scope="col"
        >
          <span
            class="sr-only"
          >
            Actions
          </span>
        </th>
      </tr>
    </thead>
    <tbody
      class="table-body"
    >
      <tr>
        <td
          class="table-cell"
        >
          https://google.com/
        </td>
        <td
          class="table-action-cell"
        >
          <button
            aria-checked="false"
            aria-label="toggle"
            class="custom-toggle group"
            data-changing=""
            data-headlessui-state="changing"
            id="headlessui-switch-:r0:"
            role="switch"
            tabindex="0"
            type="button"
          >
            <span
              class="sr-only"
            >
              Use setting
            </span>
            <span
              aria-hidden="true"
              class="base"
            />
            <span
              aria-hidden="true"
              class="inactive bar"
            />
            <span
              aria-hidden="true"
              class="inactive dot"
            />
          </button>
          <svg
            aria-hidden="true"
            class="w-5 h-5"
            data-slot="icon"
            fill="none"
            stroke="currentColor"
            stroke-width="1.5"
            viewBox="0 0 24 24"
            xmlns="http://www.w3.org/2000/svg"
          >
            <path
              d="m14.74 9-.346 9m-4.788 0L9.26 9m9.968-3.21c.342.052.682.107 1.022.166m-1.022-.165L18.16 19.673a2.25 2.25 0 0 1-2.244 2.077H8.084a2.25 2.25 0 0 1-2.244-2.077L4.772 5.79m14.456 0a48.108 48.108 0 0 0-3.478-.397m-12 .562c.34-.059.68-.114 1.022-.165m0 0a48.11 48.11 0 0 1 3.478-.397m7.5 0v-.916c0-1.18-.91-2.164-2.09-2.201a51.964 51.964 0 0 0-3.32 0c-1.18.037-2.09 1.022-2.09 2.201v.916m7.5 0a48.667 48.667 0 0 0-7.5 0"
              stroke-linecap="round"
              stroke-linejoin="round"
            />
          </svg>
        </td>
      </tr>
      <tr>
        <td
          class="table-cell"
        >
          https://google.com.co/
        </td>
        <td
          class="table-action-cell"
        >
          <button
            aria-checked="true"
            aria-label="toggle"
            class="custom-toggle group"
            data-checked=""
            data-headlessui-state="checked"
            id="headlessui-switch-:r1:"
            role="switch"
            tabindex="0"
            type="button"
          >
            <span
              class="sr-only"
            >
              Use setting
            </span>
            <span
              aria-hidden="true"
              class="base"
            />
            <span
              aria-hidden="true"
              class="active bar"
            />
            <span
              aria-hidden="true"
              class="active dot"
            />
          </button>
          <svg
            aria-hidden="true"
            class="w-5 h-5"
            data-slot="icon"
            fill="none"
            stroke="currentColor"
            stroke-width="1.5"
            viewBox="0 0 24 24"
            xmlns="http://www.w3.org/2000/svg"
          >
            <path
              d="m14.74 9-.346 9m-4.788 0L9.26 9m9.968-3.21c.342.052.682.107 1.022.166m-1.022-.165L18.16 19.673a2.25 2.25 0 0 1-2.244 2.077H8.084a2.25 2.25 0 0 1-2.244-2.077L4.772 5.79m14.456 0a48.108 48.108 0 0 0-3.478-.397m-12 .562c.34-.059.68-.114 1.022-.165m0 0a48.11 48.11 0 0 1 3.478-.397m7.5 0v-.916c0-1.18-.91-2.164-2.09-2.201a51.964 51.964 0 0 0-3.32 0c-1.18.037-2.09 1.022-2.09 2.201v.916m7.5 0a48.667 48.667 0 0 0-7.5 0"
              stroke-linecap="round"
              stroke-linejoin="round"
            />
          </svg>
        </td>
      </tr>
    </tbody>
  </table>
</div>
`;
