// Jest Snapshot v1, https://goo.gl/fbAQLP

exports[`SignerList renders the app summary 1`] = `
<div>
  <table
    class="table"
  >
    <thead>
      <tr>
        <th
          class="custom-table-column"
          scope="col"
        >
          wallet
        </th>
        <th
          class="custom-table-column"
          scope="col"
        >
          key
        </th>
        <th
          class="table-action-column"
          scope="col"
        >
          <span
            class="sr-only"
          >
            Actions
          </span>
        </th>
      </tr>
    </thead>
    <tbody
      class="table-body"
    >
      <tr>
        <td
          class="table-cell"
        >
          0x1ABC7154748D1CE5144478CDEB574AE244B939B5
        </td>
        <td
          class="table-cell"
        >
          <p
            class="flex flex-row"
          >
            abcdef12345abcdef12345abcdef12345abcdef12345
            <svg
              class="w-4 h-4 ml-2 fill-white/50 cursor-pointer"
              fill="none"
              role="content-copy-icon"
              viewBox="0 0 20 20"
              xmlns="http://www.w3.org/2000/svg"
            >
              <path
                d="M13.7497 0.833374H3.74967C2.83301 0.833374 2.08301 1.58337 2.08301 2.50004V14.1667H3.74967V2.50004H13.7497V0.833374ZM16.2497 4.16671H7.08301C6.16634 4.16671 5.41634 4.91671 5.41634 5.83337V17.5C5.41634 18.4167 6.16634 19.1667 7.08301 19.1667H16.2497C17.1663 19.1667 17.9163 18.4167 17.9163 17.5V5.83337C17.9163 4.91671 17.1663 4.16671 16.2497 4.16671ZM16.2497 17.5H7.08301V5.83337H16.2497V17.5Z"
              />
            </svg>
          </p>
        </td>
        <td
          class="table-action-cell"
        >
          <button
            class="button white-outline px-4"
          >
            <span>
              Test Authentication
            </span>
          </button>
          <svg
            aria-hidden="true"
            class="w-5 h-5"
            data-slot="icon"
            fill="none"
            stroke="currentColor"
            stroke-width="1.5"
            viewBox="0 0 24 24"
            xmlns="http://www.w3.org/2000/svg"
          >
            <path
              d="m14.74 9-.346 9m-4.788 0L9.26 9m9.968-3.21c.342.052.682.107 1.022.166m-1.022-.165L18.16 19.673a2.25 2.25 0 0 1-2.244 2.077H8.084a2.25 2.25 0 0 1-2.244-2.077L4.772 5.79m14.456 0a48.108 48.108 0 0 0-3.478-.397m-12 .562c.34-.059.68-.114 1.022-.165m0 0a48.11 48.11 0 0 1 3.478-.397m7.5 0v-.916c0-1.18-.91-2.164-2.09-2.201a51.964 51.964 0 0 0-3.32 0c-1.18.037-2.09 1.022-2.09 2.201v.916m7.5 0a48.667 48.667 0 0 0-7.5 0"
              stroke-linecap="round"
              stroke-linejoin="round"
            />
          </svg>
        </td>
      </tr>
      <tr>
        <td
          class="table-cell"
        >
          0x1ABC7154748D1CE5144478CDEB574AE244B939B5
        </td>
        <td
          class="table-cell"
        >
          <p
            class="flex flex-row"
          >
            abcdef12345abcdef12345abcdef12345abcdef12345
            <svg
              class="w-4 h-4 ml-2 fill-white/50 cursor-pointer"
              fill="none"
              role="content-copy-icon"
              viewBox="0 0 20 20"
              xmlns="http://www.w3.org/2000/svg"
            >
              <path
                d="M13.7497 0.833374H3.74967C2.83301 0.833374 2.08301 1.58337 2.08301 2.50004V14.1667H3.74967V2.50004H13.7497V0.833374ZM16.2497 4.16671H7.08301C6.16634 4.16671 5.41634 4.91671 5.41634 5.83337V17.5C5.41634 18.4167 6.16634 19.1667 7.08301 19.1667H16.2497C17.1663 19.1667 17.9163 18.4167 17.9163 17.5V5.83337C17.9163 4.91671 17.1663 4.16671 16.2497 4.16671ZM16.2497 17.5H7.08301V5.83337H16.2497V17.5Z"
              />
            </svg>
          </p>
        </td>
        <td
          class="table-action-cell"
        >
          <button
            class="button white-outline px-4"
          >
            <span>
              Test Authentication
            </span>
          </button>
          <svg
            aria-hidden="true"
            class="w-5 h-5"
            data-slot="icon"
            fill="none"
            stroke="currentColor"
            stroke-width="1.5"
            viewBox="0 0 24 24"
            xmlns="http://www.w3.org/2000/svg"
          >
            <path
              d="m14.74 9-.346 9m-4.788 0L9.26 9m9.968-3.21c.342.052.682.107 1.022.166m-1.022-.165L18.16 19.673a2.25 2.25 0 0 1-2.244 2.077H8.084a2.25 2.25 0 0 1-2.244-2.077L4.772 5.79m14.456 0a48.108 48.108 0 0 0-3.478-.397m-12 .562c.34-.059.68-.114 1.022-.165m0 0a48.11 48.11 0 0 1 3.478-.397m7.5 0v-.916c0-1.18-.91-2.164-2.09-2.201a51.964 51.964 0 0 0-3.32 0c-1.18.037-2.09 1.022-2.09 2.201v.916m7.5 0a48.667 48.667 0 0 0-7.5 0"
              stroke-linecap="round"
              stroke-linejoin="round"
            />
          </svg>
        </td>
      </tr>
    </tbody>
  </table>
</div>
`;
